mode: atomic
github.com/rclone/rclone/backend/ytfs/api/api.go:16.26,18.2 1 2
github.com/rclone/rclone/backend/ytfs/api/api.go:55.91,57.16 2 1
github.com/rclone/rclone/backend/ytfs/api/api.go:57.16,59.3 1 1
github.com/rclone/rclone/backend/ytfs/api/api.go:61.2,62.50 2 0
github.com/rclone/rclone/backend/ytfs/api/api.go:62.50,64.3 1 0
github.com/rclone/rclone/backend/ytfs/api/api.go:66.2,66.17 1 0
github.com/rclone/rclone/backend/ytfs/api/api.go:70.85,72.16 2 0
github.com/rclone/rclone/backend/ytfs/api/api.go:72.16,74.3 1 0
github.com/rclone/rclone/backend/ytfs/api/api.go:76.2,77.49 2 0
github.com/rclone/rclone/backend/ytfs/api/api.go:77.49,79.3 1 0
github.com/rclone/rclone/backend/ytfs/api/api.go:81.2,81.16 1 0
github.com/rclone/rclone/backend/ytfs/api/api.go:85.94,87.16 2 0
github.com/rclone/rclone/backend/ytfs/api/api.go:87.16,89.3 1 0
github.com/rclone/rclone/backend/ytfs/api/api.go:91.2,92.49 2 0
github.com/rclone/rclone/backend/ytfs/api/api.go:92.49,94.3 1 0
github.com/rclone/rclone/backend/ytfs/api/api.go:96.2,96.16 1 0
github.com/rclone/rclone/backend/ytfs/api/api.go:100.103,111.34 5 0
github.com/rclone/rclone/backend/ytfs/api/api.go:111.34,113.3 1 0
github.com/rclone/rclone/backend/ytfs/api/api.go:115.2,118.64 2 0
github.com/rclone/rclone/backend/ytfs/api/api.go:118.64,120.3 1 0
github.com/rclone/rclone/backend/ytfs/api/api.go:122.2,122.28 1 0
github.com/rclone/rclone/backend/ytfs/api/api.go:126.92,138.34 5 0
github.com/rclone/rclone/backend/ytfs/api/api.go:138.34,140.3 1 0
github.com/rclone/rclone/backend/ytfs/api/api.go:142.2,145.64 2 0
github.com/rclone/rclone/backend/ytfs/api/api.go:145.64,147.3 1 0
github.com/rclone/rclone/backend/ytfs/api/api.go:149.2,149.28 1 0
github.com/rclone/rclone/backend/ytfs/api/api.go:153.71,159.34 5 1
github.com/rclone/rclone/backend/ytfs/api/api.go:159.34,161.3 1 1
github.com/rclone/rclone/backend/ytfs/api/api.go:163.2,163.28 1 0
github.com/rclone/rclone/backend/ytfs/patterns.go:37.49,38.20 1 1
github.com/rclone/rclone/backend/ytfs/patterns.go:38.20,40.3 1 7
github.com/rclone/rclone/backend/ytfs/patterns.go:41.2,41.11 1 1
github.com/rclone/rclone/backend/ytfs/patterns.go:46.125,50.18 4 6
github.com/rclone/rclone/backend/ytfs/patterns.go:50.18,52.3 1 5
github.com/rclone/rclone/backend/ytfs/patterns.go:53.2,53.20 1 6
github.com/rclone/rclone/backend/ytfs/patterns.go:53.20,55.31 2 31
github.com/rclone/rclone/backend/ytfs/patterns.go:55.31,56.12 1 18
github.com/rclone/rclone/backend/ytfs/patterns.go:58.3,59.19 2 13
github.com/rclone/rclone/backend/ytfs/patterns.go:59.19,61.4 1 3
github.com/rclone/rclone/backend/ytfs/patterns.go:63.2,63.21 1 3
github.com/rclone/rclone/backend/ytfs/patterns.go:67.112,71.2 3 1
github.com/rclone/rclone/backend/ytfs/patterns.go:84.104,86.4 1 0
github.com/rclone/rclone/backend/ytfs/patterns.go:94.104,96.4 1 0
github.com/rclone/rclone/backend/ytfs/patterns.go:100.104,102.4 1 0
github.com/rclone/rclone/backend/ytfs/patterns.go:110.104,112.4 1 0
github.com/rclone/rclone/backend/ytfs/ytfs.go:44.13,64.2 1 1
github.com/rclone/rclone/backend/ytfs/ytfs.go:85.35,86.30 1 39
github.com/rclone/rclone/backend/ytfs/ytfs.go:86.30,88.3 1 12
github.com/rclone/rclone/backend/ytfs/ytfs.go:90.2,91.16 2 27
github.com/rclone/rclone/backend/ytfs/ytfs.go:91.16,93.3 1 1
github.com/rclone/rclone/backend/ytfs/ytfs.go:95.2,97.16 3 26
github.com/rclone/rclone/backend/ytfs/ytfs.go:97.16,99.3 1 6
github.com/rclone/rclone/backend/ytfs/ytfs.go:101.2,102.12 2 20
github.com/rclone/rclone/backend/ytfs/ytfs.go:106.87,109.16 3 39
github.com/rclone/rclone/backend/ytfs/ytfs.go:109.16,111.3 1 0
github.com/rclone/rclone/backend/ytfs/ytfs.go:113.2,124.16 4 39
github.com/rclone/rclone/backend/ytfs/ytfs.go:124.16,126.3 1 7
github.com/rclone/rclone/backend/ytfs/ytfs.go:128.2,133.15 2 32
github.com/rclone/rclone/backend/ytfs/ytfs.go:137.28,139.2 1 4
github.com/rclone/rclone/backend/ytfs/ytfs.go:142.28,144.2 1 10
github.com/rclone/rclone/backend/ytfs/ytfs.go:147.30,149.2 1 4
github.com/rclone/rclone/backend/ytfs/ytfs.go:152.38,154.2 1 1
github.com/rclone/rclone/backend/ytfs/ytfs.go:157.32,159.2 1 1
github.com/rclone/rclone/backend/ytfs/ytfs.go:162.40,164.2 1 1
github.com/rclone/rclone/backend/ytfs/ytfs.go:167.87,169.48 2 2
github.com/rclone/rclone/backend/ytfs/ytfs.go:169.48,171.3 1 1
github.com/rclone/rclone/backend/ytfs/ytfs.go:172.2,172.49 1 1
github.com/rclone/rclone/backend/ytfs/ytfs.go:176.79,178.20 2 4
github.com/rclone/rclone/backend/ytfs/ytfs.go:178.20,180.3 1 2
github.com/rclone/rclone/backend/ytfs/ytfs.go:181.2,187.21 2 2
github.com/rclone/rclone/backend/ytfs/ytfs.go:187.21,191.22 3 2
github.com/rclone/rclone/backend/ytfs/ytfs.go:191.22,193.4 1 2
github.com/rclone/rclone/backend/ytfs/ytfs.go:194.3,194.22 1 2
github.com/rclone/rclone/backend/ytfs/ytfs.go:194.22,196.4 1 2
github.com/rclone/rclone/backend/ytfs/ytfs.go:198.2,198.15 1 2
github.com/rclone/rclone/backend/ytfs/ytfs.go:202.34,204.2 1 178
github.com/rclone/rclone/backend/ytfs/ytfs.go:207.86,208.56 1 12
github.com/rclone/rclone/backend/ytfs/ytfs.go:208.56,210.3 1 5
github.com/rclone/rclone/backend/ytfs/ytfs.go:212.2,213.41 2 7
github.com/rclone/rclone/backend/ytfs/ytfs.go:213.41,218.3 3 113
github.com/rclone/rclone/backend/ytfs/ytfs.go:219.2,219.21 1 7
github.com/rclone/rclone/backend/ytfs/ytfs.go:223.102,232.16 4 2
github.com/rclone/rclone/backend/ytfs/ytfs.go:232.16,234.3 1 2
github.com/rclone/rclone/backend/ytfs/ytfs.go:236.2,237.27 2 0
github.com/rclone/rclone/backend/ytfs/ytfs.go:237.27,248.3 2 0
github.com/rclone/rclone/backend/ytfs/ytfs.go:249.2,249.21 1 0
github.com/rclone/rclone/backend/ytfs/ytfs.go:253.87,254.57 1 12
github.com/rclone/rclone/backend/ytfs/ytfs.go:254.57,256.3 1 5
github.com/rclone/rclone/backend/ytfs/ytfs.go:258.2,259.42 2 7
github.com/rclone/rclone/backend/ytfs/ytfs.go:259.42,264.3 3 62
github.com/rclone/rclone/backend/ytfs/ytfs.go:265.2,265.21 1 7
github.com/rclone/rclone/backend/ytfs/ytfs.go:269.104,278.16 4 2
github.com/rclone/rclone/backend/ytfs/ytfs.go:278.16,280.3 1 2
github.com/rclone/rclone/backend/ytfs/ytfs.go:282.2,283.28 2 0
github.com/rclone/rclone/backend/ytfs/ytfs.go:283.28,291.3 2 0
github.com/rclone/rclone/backend/ytfs/ytfs.go:292.2,292.20 1 0
github.com/rclone/rclone/backend/ytfs/ytfs.go:296.117,298.2 1 2
github.com/rclone/rclone/backend/ytfs/ytfs.go:301.123,303.2 1 2
github.com/rclone/rclone/backend/ytfs/ytfs.go:306.59,308.2 1 2
github.com/rclone/rclone/backend/ytfs/ytfs.go:311.59,313.2 1 2
github.com/rclone/rclone/backend/ytfs/ytfs.go:318.36,320.2 1 210
github.com/rclone/rclone/backend/ytfs/ytfs.go:323.38,325.2 1 22
github.com/rclone/rclone/backend/ytfs/ytfs.go:339.31,341.2 1 1
github.com/rclone/rclone/backend/ytfs/ytfs.go:344.34,346.2 1 3
github.com/rclone/rclone/backend/ytfs/ytfs.go:349.34,351.2 1 6
github.com/rclone/rclone/backend/ytfs/ytfs.go:354.73,356.2 1 4
github.com/rclone/rclone/backend/ytfs/ytfs.go:359.31,361.2 1 1
github.com/rclone/rclone/backend/ytfs/ytfs.go:364.57,365.24 1 11
github.com/rclone/rclone/backend/ytfs/ytfs.go:365.24,367.3 1 2
github.com/rclone/rclone/backend/ytfs/ytfs.go:369.2,370.16 2 9
github.com/rclone/rclone/backend/ytfs/ytfs.go:370.16,372.3 1 5
github.com/rclone/rclone/backend/ytfs/ytfs.go:373.2,373.10 1 4
github.com/rclone/rclone/backend/ytfs/ytfs.go:377.75,379.2 1 2
github.com/rclone/rclone/backend/ytfs/ytfs.go:382.34,384.2 1 1
github.com/rclone/rclone/backend/ytfs/ytfs.go:387.93,398.16 5 2
github.com/rclone/rclone/backend/ytfs/ytfs.go:398.16,400.3 1 0
github.com/rclone/rclone/backend/ytfs/ytfs.go:403.2,403.41 1 2
github.com/rclone/rclone/backend/ytfs/ytfs.go:403.41,405.3 1 1
github.com/rclone/rclone/backend/ytfs/ytfs.go:408.2,411.8 1 1
github.com/rclone/rclone/backend/ytfs/ytfs.go:421.49,423.2 1 2
github.com/rclone/rclone/backend/ytfs/ytfs.go:426.35,427.41 1 4
github.com/rclone/rclone/backend/ytfs/ytfs.go:427.41,428.19 1 0
github.com/rclone/rclone/backend/ytfs/ytfs.go:428.19,430.4 1 0
github.com/rclone/rclone/backend/ytfs/ytfs.go:431.3,431.13 1 0
github.com/rclone/rclone/backend/ytfs/ytfs.go:433.2,433.18 1 4
github.com/rclone/rclone/backend/ytfs/ytfs.go:433.18,435.3 1 4
github.com/rclone/rclone/backend/ytfs/ytfs.go:436.2,436.12 1 0
github.com/rclone/rclone/backend/ytfs/ytfs.go:440.111,442.2 1 2
github.com/rclone/rclone/backend/ytfs/ytfs.go:445.52,447.2 1 2
