{
    "example": "TG9yZW0gaXBzdW0gZG9sb3Igc2l0IGFtZXQsIGNvbnNldGV0dXIgc2FkaXBzY2luZyBlbGl0ciwgc2VkIGRpYW0gbm9udW15IGVpcm1vZCB0ZW1wb3IgaW52aWR1bnQgdXQgbGFib3JlIGV0IGRvbG9yZSBtYWduYSBhbGlxdXlhbSBlcmF0LCBzZWQgZGlhbSB2b2x1cHR1YS4gQXQgdmVybyBlb3MgZXQgYWNjdXNhbSBldCBqdXN0byBkdW8gZG9sb3JlcyBldCBlYSByZWJ1bS4gU3RldCBjbGl0YSBrYXNkIGd1YmVyZ3Jlbiwgbm8gc2VhIHRha2ltYXRhIHNhbmN0dXMgZXN0IExvcmVtIGlwc3VtIGRvbG9yIHNpdCBhbWV0LiBMb3JlbSBpcHN1bSBkb2xvciBzaXQgYW1ldCwgY29uc2V0ZXR1ciBzYWRpcHNjaW5nIGVsaXRyLCBzZWQgZGlhbSBub251bXkgZWlybW9kIHRlbXBvciBpbnZpZHVudCB1dCBsYWJvcmUgZXQgZG9sb3JlIG1hZ25hIGFsaXF1eWFtIGVyYXQsIHNlZCBkaWFtIHZvbHVwdHVhLiBBdCB2ZXJvIGVvcyBldCBhY2N1c2FtIGV0IGp1c3RvIGR1byBkb2xvcmVzIGV0IGVhIHJlYnVtLiBTdGV0IGNsaXRhIGthc2QgZ3ViZXJncmVuLCBubyBzZWEgdGFraW1hdGEgc2FuY3R1cyBlc3QgTG9yZW0gaXBzdW0gZG9sb3Igc2l0IGFtZXQuCg==",
    "helloWorld": "aGVsbG8gd29ybGQK"
}
